<style>
/* -- WCAG-AA contrast pattern ------------------------------ */
.stAlert [data-testid="stAlertContainer"] {
    background: transparent;
    padding: 0;
    transition: none;
}
.stAlert [data-testid^="stAlertContent"] {
    padding: 1rem;
    border-radius: 0.5rem;
}
.stAlert [data-testid="stAlertContentError"] {
    background: #FFEBEE;            /* light red wash */
    border-left: 4px solid #B71C1C; /* deep red accent */
    color: #B71C1C;                 /* deep red text - contrast 5.75:1 */
}
.stAlert [data-testid="stAlertContentWarning"] {
    background: #FFF8E1;            /* light amber wash */
    border-left: 4px solid #BF360A; /* deep orange accent */
    color: #BF360A;                 /* deep orange text - contrast 5.27:1 */
}
.stAlert [data-testid="stAlertContentInfo"] {
    background: #E3F2FD;            /* light blue wash */
    border-left: 4px solid #0D47A1; /* deep blue accent (theme primary) */
    color: #0D47A1;                 /* deep blue text - contrast 7.56:1 */
}
.stAlert [data-testid="stAlertContentSuccess"] {
    background: #E8F5E9;            /* light green wash */
    border-left: 4px solid #1B5E20; /* deep green accent */
    color: #1B5E20;                 /* deep green text - contrast 7.00:1 */
}

/* -- prefers-reduced-motion -------------------------------- */
@media (prefers-reduced-motion: reduce) {
    *, *::before, *::after {
        animation-duration: 0.01ms !important;
        animation-iteration-count: 1 !important;
        transition-duration: 0.01ms !important;
    }
    .stSpinner { display: none !important; }
}
</style>
Research prototype, NOT a medical device. Built on n=30 synthetic patient vignettes, 24 for training and 6 for validation; contains zero real PHI. Outputs are temperature-scaled probabilities (T fit on the 6 validation rows), **limited to** the distribution of those synthetic rows - not diagnoses. Not for clinical decision support, not validated. Source + caveats: github.com/ljm234/amoebanator-25 - Contact: jordanmontenegroc.99@gmail.com (ORCID 0009-0000-7851-7139)
Tabular MLP, 914 parameters, 6.4 KB serialized. `Linear(10, 32) -> ReLU -> Linear(32, 16) -> ReLU -> Linear(16, 2)` - binary classifier (PAM risk: Low / High) with two output logits consumed by softmax + temperature scaling at inference time. The four continuous inputs (age, CSF glucose, protein and WBC) are z-scored with the training rows' means and standard deviations (`outputs/model/scaler.json`); the binary inputs stay 0/1. The layer shapes, parameter count and size above are read from `outputs/model/model.pt`.
**n=30 synthetic rows created for this demo**; their age and sex distribution does not match the published PAM case series. Train/val split: n_train=24, n_val=6, `random_state=42`, `test_size=0.2`, `stratify=y`. Trained with Adam (lr 1e-3) for 500 full-batch steps, the point where the training loss has converged. No real PHI. Any clinical evaluation needs a real cohort, and none is part of this release. See `docs/data_card.md` (Gebru et al. 2021 datasheet format) for the full lineage.
Temperature scaling (Guo et al. 2017), fitted by L-BFGS on the n=6 validation rows. Current `T = 0.999997`. The raw logits already classify every validation row correctly: the rows are perfectly separated, so the validation loss has no finite minimum in T and the temperature is not identifiable. The fit leaves T essentially at its starting value of 1.0, so the probabilities the Predict page shows are the model's own softmax outputs. Treat T as a property of these six rows, not as evidence about the model's calibration. See `docs/model_card.md` section Caveats for the full discussion.
Move the slider to see how the rank `k` and the regime badge respond to different significance levels. The 3-state regime badge (ASYMPTOTIC / FINITE-SAMPLE / INVALID) is computed from `(n_cal, alpha, k)` where `k = ceil((n_cal + 1)(1 - alpha))`.
With `n_cal = 6`, `alpha = 1/7` -> `k = ceil((n+1)(1-alpha)) = 6`.
Luis Jordan Montenegro-Calla - ORCID 0009-0000-7851-7139 - jordanmontenegroc.99@gmail.com